// Jest Snapshot v1, https://goo.gl/fbAQLP

exports[`PrivateRouter render 1`] = `null`;
