// Jest Snapshot v1, https://goo.gl/fbAQLP

exports[`Render App 1`] = `
<div
  className="loader"
>
  <div
    className="loader__ellipsis"
  >
    <div />
    <div />
    <div />
    <div />
  </div>
  <p
    className="loader__text"
  >
    Loading...
  </p>
</div>
`;
