// Jest Snapshot v1, https://goo.gl/fbAQLP

exports[`Should VideoPlayer render correctly 1`] = `
<video
  height="175"
  poster="img/the-grand-budapest-hotel-poster.jpg"
  width="280"
/>
`;
