// Jest Snapshot v1, https://goo.gl/fbAQLP

exports[`Should FilmList render correctly 1`] = `
<div
  className="catalog__movies-list"
>
  <article
    className="small-movie-card catalog__movies-card"
    onMouseOver={[Function]}
  >
    <div
      className="small-movie-card__image"
      onClick={[Function]}
      onMouseOut={[Function]}
      onMouseOver={[Function]}
    >
      <video
        height={175}
        loop={true}
        poster="img/fantastic-beasts-the-crimes-of-grindelwald.jpg"
        src="https://upload.wikimedia.org/wikipedia/commons/transcoded/b/b3/Big_Buck_Bunny_Trailer_400p.ogv/Big_Buck_Bunny_Trailer_400p.ogv.360p.webm"
        width={280}
      />
      <img
        alt="Fantastic Beasts: The Crimes of Grindelwald"
        height="175"
        src="img/fantastic-beasts-the-crimes-of-grindelwald.jpg"
        width="280"
      />
    </div>
    <h3
      className="small-movie-card__title"
    >
      <a
        className="small-movie-card__link"
        href="movie-page.html"
        onClick={[Function]}
      >
        Fantastic Beasts: The Crimes of Grindelwald
      </a>
    </h3>
  </article>
  <article
    className="small-movie-card catalog__movies-card"
    onMouseOver={[Function]}
  >
    <div
      className="small-movie-card__image"
      onClick={[Function]}
      onMouseOut={[Function]}
      onMouseOver={[Function]}
    >
      <video
        height={175}
        loop={true}
        poster="img/bohemian-rhapsody.jpg"
        src="https://upload.wikimedia.org/wikipedia/commons/transcoded/b/b3/Big_Buck_Bunny_Trailer_400p.ogv/Big_Buck_Bunny_Trailer_400p.ogv.360p.webm"
        width={280}
      />
      <img
        alt="Bohemian Rhapsody"
        height="175"
        src="img/bohemian-rhapsody.jpg"
        width="280"
      />
    </div>
    <h3
      className="small-movie-card__title"
    >
      <a
        className="small-movie-card__link"
        href="movie-page.html"
        onClick={[Function]}
      >
        Bohemian Rhapsody
      </a>
    </h3>
  </article>
  <article
    className="small-movie-card catalog__movies-card"
    onMouseOver={[Function]}
  >
    <div
      className="small-movie-card__image"
      onClick={[Function]}
      onMouseOut={[Function]}
      onMouseOver={[Function]}
    >
      <video
        height={175}
        loop={true}
        poster="img/macbeth.jpg"
        src="https://upload.wikimedia.org/wikipedia/commons/transcoded/b/b3/Big_Buck_Bunny_Trailer_400p.ogv/Big_Buck_Bunny_Trailer_400p.ogv.360p.webm"
        width={280}
      />
      <img
        alt="Macbeth"
        height="175"
        src="img/macbeth.jpg"
        width="280"
      />
    </div>
    <h3
      className="small-movie-card__title"
    >
      <a
        className="small-movie-card__link"
        href="movie-page.html"
        onClick={[Function]}
      >
        Macbeth
      </a>
    </h3>
  </article>
  <article
    className="small-movie-card catalog__movies-card"
    onMouseOver={[Function]}
  >
    <div
      className="small-movie-card__image"
      onClick={[Function]}
      onMouseOut={[Function]}
      onMouseOver={[Function]}
    >
      <video
        height={175}
        loop={true}
        poster="img/aviator.jpg"
        src="https://upload.wikimedia.org/wikipedia/commons/transcoded/b/b3/Big_Buck_Bunny_Trailer_400p.ogv/Big_Buck_Bunny_Trailer_400p.ogv.360p.webm"
        width={280}
      />
      <img
        alt="Aviator"
        height="175"
        src="img/aviator.jpg"
        width="280"
      />
    </div>
    <h3
      className="small-movie-card__title"
    >
      <a
        className="small-movie-card__link"
        href="movie-page.html"
        onClick={[Function]}
      >
        Aviator
      </a>
    </h3>
  </article>
  <article
    className="small-movie-card catalog__movies-card"
    onMouseOver={[Function]}
  >
    <div
      className="small-movie-card__image"
      onClick={[Function]}
      onMouseOut={[Function]}
      onMouseOver={[Function]}
    >
      <video
        height={175}
        loop={true}
        poster="img/we-need-to-talk-about-kevin.jpg"
        src="https://upload.wikimedia.org/wikipedia/commons/transcoded/b/b3/Big_Buck_Bunny_Trailer_400p.ogv/Big_Buck_Bunny_Trailer_400p.ogv.360p.webm"
        width={280}
      />
      <img
        alt="We need to talk about Kevin"
        height="175"
        src="img/we-need-to-talk-about-kevin.jpg"
        width="280"
      />
    </div>
    <h3
      className="small-movie-card__title"
    >
      <a
        className="small-movie-card__link"
        href="movie-page.html"
        onClick={[Function]}
      >
        We need to talk about Kevin
      </a>
    </h3>
  </article>
  <article
    className="small-movie-card catalog__movies-card"
    onMouseOver={[Function]}
  >
    <div
      className="small-movie-card__image"
      onClick={[Function]}
      onMouseOut={[Function]}
      onMouseOver={[Function]}
    >
      <video
        height={175}
        loop={true}
        poster="img/what-we-do-in-the-shadows.jpg"
        src="https://upload.wikimedia.org/wikipedia/commons/transcoded/b/b3/Big_Buck_Bunny_Trailer_400p.ogv/Big_Buck_Bunny_Trailer_400p.ogv.360p.webm"
        width={280}
      />
      <img
        alt="What We Do in the Shadows"
        height="175"
        src="img/what-we-do-in-the-shadows.jpg"
        width="280"
      />
    </div>
    <h3
      className="small-movie-card__title"
    >
      <a
        className="small-movie-card__link"
        href="movie-page.html"
        onClick={[Function]}
      >
        What We Do in the Shadows
      </a>
    </h3>
  </article>
  <article
    className="small-movie-card catalog__movies-card"
    onMouseOver={[Function]}
  >
    <div
      className="small-movie-card__image"
      onClick={[Function]}
      onMouseOut={[Function]}
      onMouseOver={[Function]}
    >
      <video
        height={175}
        loop={true}
        poster="img/revenant.jpg"
        src="https://upload.wikimedia.org/wikipedia/commons/transcoded/b/b3/Big_Buck_Bunny_Trailer_400p.ogv/Big_Buck_Bunny_Trailer_400p.ogv.360p.webm"
        width={280}
      />
      <img
        alt="Revenant"
        height="175"
        src="img/revenant.jpg"
        width="280"
      />
    </div>
    <h3
      className="small-movie-card__title"
    >
      <a
        className="small-movie-card__link"
        href="movie-page.html"
        onClick={[Function]}
      >
        Revenant
      </a>
    </h3>
  </article>
  <article
    className="small-movie-card catalog__movies-card"
    onMouseOver={[Function]}
  >
    <div
      className="small-movie-card__image"
      onClick={[Function]}
      onMouseOut={[Function]}
      onMouseOver={[Function]}
    >
      <video
        height={175}
        loop={true}
        poster="img/johnny-english.jpg"
        src="https://upload.wikimedia.org/wikipedia/commons/transcoded/b/b3/Big_Buck_Bunny_Trailer_400p.ogv/Big_Buck_Bunny_Trailer_400p.ogv.360p.webm"
        width={280}
      />
      <img
        alt="Johnny English"
        height="175"
        src="img/johnny-english.jpg"
        width="280"
      />
    </div>
    <h3
      className="small-movie-card__title"
    >
      <a
        className="small-movie-card__link"
        href="movie-page.html"
        onClick={[Function]}
      >
        Johnny English
      </a>
    </h3>
  </article>
</div>
`;
