// Jest Snapshot v1, https://goo.gl/fbAQLP

exports[`Should SmallFilmCard render correctly 1`] = `
<article
  className="small-movie-card catalog__movies-card"
  onMouseOver={[Function]}
>
  <div
    className="small-movie-card__image"
    onClick={[Function]}
    onMouseOut={[Function]}
    onMouseOver={[Function]}
  >
    <video
      height={175}
      loop={true}
      muted={true}
      poster="img/fantastic-beasts-the-crimes-of-grindelwald.jpg"
      src="https://upload.wikimedia.org/wikipedia/commons/transcoded/b/b3/Big_Buck_Bunny_Trailer_400p.ogv/Big_Buck_Bunny_Trailer_400p.ogv.360p.webm"
      width={280}
    />
    <img
      alt="Fantastic Beasts: The Crimes of Grindelwald"
      height="175"
      src="img/fantastic-beasts-the-crimes-of-grindelwald.jpg"
      width="280"
    />
  </div>
  <h3
    className="small-movie-card__title"
  >
    <a
      className="small-movie-card__link"
      href="movie-page.html"
      onClick={[Function]}
    >
      Fantastic Beasts: The Crimes of Grindelwald
    </a>
  </h3>
</article>
`;
